Archive member included because of file (symbol)

/home/sven/LPCXpresso/workspace/lpc_chip_82x/Debug/liblpc_chip_82x.a(chip_8xx.o)
                              ./src/pecan-lpc82x.o (SystemCoreClockUpdate)
/home/sven/LPCXpresso/workspace/lpc_chip_82x/Debug/liblpc_chip_82x.a(clock_8xx.o)
                              ./src/uart.o (Chip_Clock_GetSystemClockRate)
/home/sven/LPCXpresso/workspace/lpc_chip_82x/Debug/liblpc_chip_82x.a(gpio_8xx.o)
                              ./src/pecan-lpc82x.o (Chip_GPIO_Init)
/home/sven/LPCXpresso/workspace/lpc_chip_82x/Debug/liblpc_chip_82x.a(swm_8xx.o)
                              ./src/uart.o (Chip_SWM_MovablePinAssign)
/home/sven/LPCXpresso/workspace/lpc_chip_82x/Debug/liblpc_chip_82x.a(sysinit_8xx.o)
                              ./src/sysinit.o (Chip_SystemInit)
/home/sven/LPCXpresso/workspace/lpc_chip_82x/Debug/liblpc_chip_82x.a(uart_8xx.o)
                              ./src/uart.o (Chip_UART_Init)
/home/sven/LPCXpresso/workspace/lpc_chip_82x/Debug/liblpc_chip_82x.a(ring_buffer.o)
                              /home/sven/LPCXpresso/workspace/lpc_chip_82x/Debug/liblpc_chip_82x.a(uart_8xx.o) (RingBuffer_Insert)
/home/sven/LPCXpresso/workspace/lpc_chip_82x/Debug/liblpc_chip_82x.a(syscon_8xx.o)
                              /home/sven/LPCXpresso/workspace/lpc_chip_82x/Debug/liblpc_chip_82x.a(sysinit_8xx.o) (Chip_SYSCTL_PowerDown)
/usr/local/lpcxpresso_7.9.0_455/lpcxpresso/tools/bin/../lib/gcc/arm-none-eabi/4.9.3/../../../../arm-none-eabi/lib/armv6-m/libcr_c.a(memcpy.o)
                              ./src/nmea.o (memcpy)
/usr/local/lpcxpresso_7.9.0_455/lpcxpresso/tools/bin/../lib/gcc/arm-none-eabi/4.9.3/../../../../arm-none-eabi/lib/armv6-m/libcr_c.a(__weak__main.o)
                              ./src/cr_startup_lpc82x.o (__main)
/usr/local/lpcxpresso_7.9.0_455/lpcxpresso/tools/bin/../lib/gcc/arm-none-eabi/4.9.3/../../../../arm-none-eabi/lib/armv6-m/libcr_c.a(memcmp.o)
                              ./src/nmea.o (memcmp)
/usr/local/lpcxpresso_7.9.0_455/lpcxpresso/tools/bin/../lib/gcc/arm-none-eabi/4.9.3/../../../../arm-none-eabi/lib/armv6-m/libcr_c.a(stdlib.o)
                              ./src/nmea.o (div)
/usr/local/lpcxpresso_7.9.0_455/lpcxpresso/tools/bin/../lib/gcc/arm-none-eabi/4.9.3/../../../../arm-none-eabi/lib/armv6-m/libcr_c.a(strlen.o)
                              ./src/pecan-lpc82x.o (strlen)
/usr/local/lpcxpresso_7.9.0_455/lpcxpresso/tools/bin/../lib/gcc/arm-none-eabi/4.9.3/../../../../arm-none-eabi/lib/armv6-m/libcr_c.a(initio.o)
                              /usr/local/lpcxpresso_7.9.0_455/lpcxpresso/tools/bin/../lib/gcc/arm-none-eabi/4.9.3/../../../../arm-none-eabi/lib/armv6-m/libcr_c.a(stdlib.o) (_terminateio)
/usr/local/lpcxpresso_7.9.0_455/lpcxpresso/tools/bin/../lib/gcc/arm-none-eabi/4.9.3/../../../../arm-none-eabi/lib/armv6-m/libcr_c.a(raise.o)
                              /usr/local/lpcxpresso_7.9.0_455/lpcxpresso/tools/bin/../lib/gcc/arm-none-eabi/4.9.3/../../../../arm-none-eabi/lib/armv6-m/libcr_c.a(stdlib.o) (raise)
/usr/local/lpcxpresso_7.9.0_455/lpcxpresso/tools/bin/../lib/gcc/arm-none-eabi/4.9.3/../../../../arm-none-eabi/lib/armv6-m/libcr_c.a(setvbuf.o)
                              /usr/local/lpcxpresso_7.9.0_455/lpcxpresso/tools/bin/../lib/gcc/arm-none-eabi/4.9.3/../../../../arm-none-eabi/lib/armv6-m/libcr_c.a(initio.o) (setvbuf)
/usr/local/lpcxpresso_7.9.0_455/lpcxpresso/tools/bin/../lib/gcc/arm-none-eabi/4.9.3/../../../../arm-none-eabi/lib/armv6-m/libcr_c.a(stdio.o)
                              /usr/local/lpcxpresso_7.9.0_455/lpcxpresso/tools/bin/../lib/gcc/arm-none-eabi/4.9.3/../../../../arm-none-eabi/lib/armv6-m/libcr_c.a(initio.o) (__Ciob)
/usr/local/lpcxpresso_7.9.0_455/lpcxpresso/tools/bin/../lib/gcc/arm-none-eabi/4.9.3/../../../../arm-none-eabi/lib/armv6-m/libcr_c.a(memset.o)
                              /usr/local/lpcxpresso_7.9.0_455/lpcxpresso/tools/bin/../lib/gcc/arm-none-eabi/4.9.3/../../../../arm-none-eabi/lib/armv6-m/libcr_c.a(initio.o) (memset)
/usr/local/lpcxpresso_7.9.0_455/lpcxpresso/tools/bin/../lib/gcc/arm-none-eabi/4.9.3/../../../../arm-none-eabi/lib/armv6-m/libcr_c.a(__fillbuf.o)
                              /usr/local/lpcxpresso_7.9.0_455/lpcxpresso/tools/bin/../lib/gcc/arm-none-eabi/4.9.3/../../../../arm-none-eabi/lib/armv6-m/libcr_c.a(stdio.o) (__filbuf)
/usr/local/lpcxpresso_7.9.0_455/lpcxpresso/tools/bin/../lib/gcc/arm-none-eabi/4.9.3/../../../../arm-none-eabi/lib/armv6-m/libcr_c.a(_deferredlazyseek.o)
                              /usr/local/lpcxpresso_7.9.0_455/lpcxpresso/tools/bin/../lib/gcc/arm-none-eabi/4.9.3/../../../../arm-none-eabi/lib/armv6-m/libcr_c.a(__fillbuf.o) (_deferredlazyseek)
/usr/local/lpcxpresso_7.9.0_455/lpcxpresso/tools/bin/../lib/gcc/arm-none-eabi/4.9.3/../../../../arm-none-eabi/lib/armv6-m/libcr_c.a(_fdopen.o)
[...]
Memory Configuration

Name             Origin             Length             Attributes
MFlash32         0x00000000         0x00008000         xr
RamLoc8          0x10000000         0x00002000         xrw
*default*        0x00000000         0xffffffff

Linker script and memory map

LOAD ./src/aeabi_romdiv_patch.o
LOAD ./src/cr_startup_lpc82x.o
LOAD ./src/crp.o
LOAD ./src/inmux.o
LOAD ./src/iocon.o
LOAD ./src/mtb.o
LOAD ./src/nmea.o
LOAD ./src/pecan-lpc82x.o
LOAD ./src/swm.o
LOAD ./src/sysinit.o
LOAD ./src/uart.o
LOAD /home/sven/LPCXpresso/workspace/lpc_chip_82x/Debug/liblpc_chip_82x.a
LOAD /home/sven/LPCXpresso/workspace/CMSIS_DSPLIB_CM0/lib/libCMSIS_DSPLIB_CM0.a
START GROUP
LOAD /usr/local/lpcxpresso_7.9.0_455/lpcxpresso/tools/bin/../lib/gcc/arm-none-eabi/4.9.3/../../../../arm-none-eabi/lib/armv6-m/libcr_c.a
LOAD /usr/local/lpcxpresso_7.9.0_455/lpcxpresso/tools/bin/../lib/gcc/arm-none-eabi/4.9.3/armv6-m/libcr_eabihelpers.a
END GROUP
                0x00008000                __top_MFlash32 = 0x8000
                0x00008000                __top_Flash = 0x8000
                0x10002000                __top_RamLoc8 = 0x10002000
                0x10002000                __top_RAM = 0x10002000

.text           0x00000000      0xd44
 FILL mask 0xff
                0x00000000                __vectors_start__ = ABSOLUTE (.)
 *(.isr_vector)
 .isr_vector    0x00000000       0xc0 ./src/cr_startup_lpc82x.o
                0x00000000                g_pfnVectors
                0x000000c0                . = ALIGN (0x4)
                0x000000c0                __section_table_start = .
                0x000000c0                __data_section_table = .
                0x000000c0        0x4 LONG 0xd44 LOADADDR (.data)
                0x000000c4        0x4 LONG 0x10000100 ADDR (.data)
                0x000000c8        0x4 LONG 0x0 SIZEOF (.data)
                0x000000cc                __data_section_table_end = .
                0x000000cc                __bss_section_table = .
                0x000000cc        0x4 LONG 0x10000100 ADDR (.bss)
                0x000000d0        0x4 LONG 0x290 SIZEOF (.bss)
                0x000000d4                __bss_section_table_end = .
                0x000000d4                __section_table_end = .
 *(.after_vectors*)
 .after_vectors
                0x000000d4      0x154 ./src/cr_startup_lpc82x.o
                0x000000d4                data_init
                0x00000114                bss_init
                0x00000148                ResetISR
                0x000001f8                NMI_Handler
                0x00000200                HardFault_Handler
                0x00000208                SVC_Handler
                0x00000210                PendSV_Handler
                0x00000218                SysTick_Handler
                0x00000220                CMP_IRQHandler
                0x00000220                I2C0_IRQHandler
                0x00000220                WKT_IRQHandler
                0x00000220                MRT_IRQHandler
                0x00000220                I2C1_IRQHandler
                0x00000220                UART1_IRQHandler
                0x00000220                ADC_SEQB_IRQHandler
                0x00000220                UART0_IRQHandler
                0x00000220                SPI1_IRQHandler
                0x00000220                PIN_INT6_IRQHandler
                0x00000220                IntDefaultHandler
                0x00000220                PIN_INT4_IRQHandler
                0x00000220                ADC_OVR_IRQHandler
                0x00000220                I2C2_IRQHandler
                0x00000220                UART2_IRQHandler
                0x00000220                PIN_INT5_IRQHandler
                0x00000220                PIN_INT2_IRQHandler
                0x00000220                PIN_INT7_IRQHandler
                0x00000220                ADC_THCMP_IRQHandler
                0x00000220                PIN_INT1_IRQHandler
                0x00000220                BOD_IRQHandler
                0x00000220                I2C3_IRQHandler
                0x00000220                SCT_IRQHandler
                0x00000220                WDT_IRQHandler
                0x00000220                ADC_SEQA_IRQHandler
                0x00000220                PIN_INT0_IRQHandler
                0x00000220                SPI0_IRQHandler
                0x00000220                DMA_IRQHandler
                0x00000220                PIN_INT3_IRQHandler
                0x00000220                FLASH_IRQHandler
 *(.text*)
 .text.__aeabi_uidiv
                0x00000228       0x10 ./src/aeabi_romdiv_patch.o
                0x00000228                __aeabi_uidiv
                0x00000228                __aeabi_uidivmod
 .text.Chip_Clock_EnablePeriphClock
                0x00000238       0x38 ./src/pecan-lpc82x.o
 .text.main     0x00000270      0x11c ./src/pecan-lpc82x.o
                0x00000270                main
 .text.SystemInit
                0x0000038c        0xc ./src/sysinit.o
                0x0000038c                SystemInit
 .text.Chip_Clock_DisablePeriphClock
                0x00000398       0x3c ./src/uart.o
 .text.Chip_Clock_SetUARTClockDiv
                0x000003d4       0x1c ./src/uart.o
 .text.Chip_SYSCTL_SetUSARTFRGDivider
                0x000003f0       0x20 ./src/uart.o
 .text.Chip_SYSCTL_SetUSARTFRGMultiplier
                0x00000410       0x20 ./src/uart.o
 .text.Chip_SWM_DisableFixedPin
                0x00000430       0x3c ./src/uart.o
 .text.errorUART
                0x0000046c        0x8 ./src/uart.o
 .text.setupUART
                0x00000474       0xc0 ./src/uart.o
                0x00000474                setupUART
 .text.putLineUART
                0x00000534       0x58 ./src/uart.o
                0x00000534                putLineUART
 .text.getLineUART
                0x0000058c       0x54 ./src/uart.o
                0x0000058c                getLineUART
 .text.SystemCoreClockUpdate
                0x000005e0       0x18 /home/sven/LPCXpresso/workspace/lpc_chip_82x/Debug/liblpc_chip_82x.a(chip_8xx.o)
                0x000005e0                SystemCoreClockUpdate
 .text.Chip_Clock_GetMainOscRate
                0x000005f8       0x14 /home/sven/LPCXpresso/workspace/lpc_chip_82x/Debug/liblpc_chip_82x.a(clock_8xx.o)
 .text.Chip_Clock_GetIntOscRate
                0x0000060c       0x10 /home/sven/LPCXpresso/workspace/lpc_chip_82x/Debug/liblpc_chip_82x.a(clock_8xx.o)
 .text.Chip_Clock_GetExtClockInRate
                0x0000061c       0x14 /home/sven/LPCXpresso/workspace/lpc_chip_82x/Debug/liblpc_chip_82x.a(clock_8xx.o)
 .text.Chip_Clock_GetWDTLFORate
                0x00000630       0x48 /home/sven/LPCXpresso/workspace/lpc_chip_82x/Debug/liblpc_chip_82x.a(clock_8xx.o)
 .text.Chip_Clock_GetPLLFreq
                0x00000678       0x24 /home/sven/LPCXpresso/workspace/lpc_chip_82x/Debug/liblpc_chip_82x.a(clock_8xx.o)
 .text.Chip_Clock_SetSystemPLLSource
                0x0000069c       0x2c /home/sven/LPCXpresso/workspace/lpc_chip_82x/Debug/liblpc_chip_82x.a(clock_8xx.o)
                0x0000069c                Chip_Clock_SetSystemPLLSource
 .text.Chip_Clock_SetMainClockSource
                0x000006c8       0x2c /home/sven/LPCXpresso/workspace/lpc_chip_82x/Debug/liblpc_chip_82x.a(clock_8xx.o)
                0x000006c8                Chip_Clock_SetMainClockSource
 .text.Chip_Clock_GetWDTOSCRate
                0x000006f4       0x20 /home/sven/LPCXpresso/workspace/lpc_chip_82x/Debug/liblpc_chip_82x.a(clock_8xx.o)
                0x000006f4                Chip_Clock_GetWDTOSCRate
 .text.Chip_Clock_GetSystemPLLInClockRate
                0x00000714       0x50 /home/sven/LPCXpresso/workspace/lpc_chip_82x/Debug/liblpc_chip_82x.a(clock_8xx.o)
                0x00000714                Chip_Clock_GetSystemPLLInClockRate
 .text.Chip_Clock_GetSystemPLLOutClockRate
                0x00000764       0x28 /home/sven/LPCXpresso/workspace/lpc_chip_82x/Debug/liblpc_chip_82x.a(clock_8xx.o)
                0x00000764                Chip_Clock_GetSystemPLLOutClockRate
 .text.Chip_Clock_GetMainClockRate
                0x0000078c       0x64 /home/sven/LPCXpresso/workspace/lpc_chip_82x/Debug/liblpc_chip_82x.a(clock_8xx.o)
                0x0000078c                Chip_Clock_GetMainClockRate
 .text.Chip_Clock_GetSystemClockRate
                0x000007f0       0x28 /home/sven/LPCXpresso/workspace/lpc_chip_82x/Debug/liblpc_chip_82x.a(clock_8xx.o)
                0x000007f0                Chip_Clock_GetSystemClockRate
 .text.Chip_Clock_EnablePeriphClock
                0x00000818       0x38 /home/sven/LPCXpresso/workspace/lpc_chip_82x/Debug/liblpc_chip_82x.a(gpio_8xx.o)
 .text.Chip_GPIO_Init
                0x00000850       0x14 /home/sven/LPCXpresso/workspace/lpc_chip_82x/Debug/liblpc_chip_82x.a(gpio_8xx.o)
                0x00000850                Chip_GPIO_Init
 .text.Chip_SWM_MovablePinAssign
                0x00000864       0x60 /home/sven/LPCXpresso/workspace/lpc_chip_82x/Debug/liblpc_chip_82x.a(swm_8xx.o)
                0x00000864                Chip_SWM_MovablePinAssign
 .text.Chip_Clock_SetupSystemPLL
                0x000008c4       0x34 /home/sven/LPCXpresso/workspace/lpc_chip_82x/Debug/liblpc_chip_82x.a(sysinit_8xx.o)
 .text.Chip_Clock_IsSystemPLLLocked
                0x000008f8       0x1c /home/sven/LPCXpresso/workspace/lpc_chip_82x/Debug/liblpc_chip_82x.a(sysinit_8xx.o)
 .text.Chip_Clock_SetSysClockDiv
                0x00000914       0x18 /home/sven/LPCXpresso/workspace/lpc_chip_82x/Debug/liblpc_chip_82x.a(sysinit_8xx.o)
 .text.Chip_FMC_SetFLASHAccess
                0x0000092c       0x2c /home/sven/LPCXpresso/workspace/lpc_chip_82x/Debug/liblpc_chip_82x.a(sysinit_8xx.o)
 .text.Chip_SetupIrcClocking
                0x00000958       0x50 /home/sven/LPCXpresso/workspace/lpc_chip_82x/Debug/liblpc_chip_82x.a(sysinit_8xx.o)
                0x00000958                Chip_SetupIrcClocking
 .text.Chip_SystemInit
                0x000009a8        0xc /home/sven/LPCXpresso/workspace/lpc_chip_82x/Debug/liblpc_chip_82x.a(sysinit_8xx.o)
                0x000009a8                Chip_SystemInit
 .text.Chip_SYSCTL_AssertPeriphReset
                0x000009b4       0x38 /home/sven/LPCXpresso/workspace/lpc_chip_82x/Debug/liblpc_chip_82x.a(uart_8xx.o)
 .text.Chip_SYSCTL_DeassertPeriphReset
                0x000009ec       0x34 /home/sven/LPCXpresso/workspace/lpc_chip_82x/Debug/liblpc_chip_82x.a(uart_8xx.o)
 .text.Chip_SYSCTL_PeriphReset
                0x00000a20       0x28 /home/sven/LPCXpresso/workspace/lpc_chip_82x/Debug/liblpc_chip_82x.a(uart_8xx.o)
 .text.Chip_Clock_EnablePeriphClock
                0x00000a48       0x38 /home/sven/LPCXpresso/workspace/lpc_chip_82x/Debug/liblpc_chip_82x.a(uart_8xx.o)
 .text.getUARTClockID
                0x00000a80       0x34 /home/sven/LPCXpresso/workspace/lpc_chip_82x/Debug/liblpc_chip_82x.a(uart_8xx.o)
 .text.Chip_UART_Init
                0x00000ab4       0x4c /home/sven/LPCXpresso/workspace/lpc_chip_82x/Debug/liblpc_chip_82x.a(uart_8xx.o)
                0x00000ab4                Chip_UART_Init
 .text.Chip_SYSCTL_PowerDown
                0x00000b00       0x40 /home/sven/LPCXpresso/workspace/lpc_chip_82x/Debug/liblpc_chip_82x.a(syscon_8xx.o)
                0x00000b00                Chip_SYSCTL_PowerDown
 .text.Chip_SYSCTL_PowerUp
                0x00000b40       0x44 /home/sven/LPCXpresso/workspace/lpc_chip_82x/Debug/liblpc_chip_82x.a(syscon_8xx.o)
                0x00000b40                Chip_SYSCTL_PowerUp
 .text.__weak_main
                0x00000b84        0x8 /usr/local/lpcxpresso_7.9.0_455/lpcxpresso/tools/bin/../lib/gcc/arm-none-eabi/4.9.3/../../../../arm-none-eabi/lib/armv6-m/libcr_c.a(__weak__main.o)
                0x00000b84                __main
                0x00000b84                __weak_main
 .text.strlen   0x00000b8c       0x54 /usr/local/lpcxpresso_7.9.0_455/lpcxpresso/tools/bin/../lib/gcc/arm-none-eabi/4.9.3/../../../../arm-none-eabi/lib/armv6-m/libcr_c.a(strlen.o)
                0x00000b8c                strlen
 *(.rodata .rodata.* .constdata .constdata.*)
 .rodata        0x00000be0      0x10e ./src/pecan-lpc82x.o
 *fill*         0x00000cee        0x2 
 .rodata.OscRateIn
                0x00000cf0        0x4 ./src/sysinit.o
                0x00000cf0                OscRateIn
 .rodata.ExtRateIn
                0x00000cf4        0x4 ./src/sysinit.o
                0x00000cf4                ExtRateIn
 .rodata        0x00000cf8        0xc ./src/uart.o
 .rodata.wdtOSCRate
                0x00000d04       0x40 /home/sven/LPCXpresso/workspace/lpc_chip_82x/Debug/liblpc_chip_82x.a(clock_8xx.o)
                0x00000d44                . = ALIGN (0x4)

.glue_7         0x00000d44        0x0
 .glue_7        0x00000000        0x0 linker stubs

.glue_7t        0x00000d44        0x0
 .glue_7t       0x00000000        0x0 linker stubs

.vfp11_veneer   0x00000d44        0x0
 .vfp11_veneer  0x00000000        0x0 linker stubs

.v4_bx          0x00000d44        0x0
 .v4_bx         0x00000000        0x0 linker stubs

.iplt           0x00000d44        0x0
 .iplt          0x00000000        0x0 ./src/aeabi_romdiv_patch.o

.rel.dyn        0x00000d44        0x0
 .rel.iplt      0x00000000        0x0 ./src/aeabi_romdiv_patch.o

.ARM.extab
 *(.ARM.extab* .gnu.linkonce.armextab.*)
                0x00000d44                __exidx_start = .

.ARM.exidx
 *(.ARM.exidx* .gnu.linkonce.armexidx.*)
                0x00000d44                __exidx_end = .
                0x00000d44                _etext = .

.mtb_buffer_default
                0x10000000      0x100
 *(.mtb*)
 .mtb.$RAM1     0x10000000      0x100 ./src/mtb.o
                0x10000000                __mtb_buffer__

.uninit_RESERVED
                0x10000100        0x0
 *(.bss.$RESERVED*)
                0x10000100                . = ALIGN (0x4)
                0x10000100                _end_uninit_RESERVED = .

.data           0x10000100        0x0 load address 0x00000d44
 FILL mask 0xff
                0x10000100                _data = .
 *(vtable)
 *(.ramfunc*)
 *(.data*)
                0x10000100                . = ALIGN (0x4)
                0x10000100                _edata = .

.igot.plt       0x10000100        0x0 load address 0x00000d44
 .igot.plt      0x00000000        0x0 ./src/aeabi_romdiv_patch.o

.bss            0x10000100      0x290 load address 0x00000d44
                0x10000100                _bss = .
 *(.bss*)
 .bss.recv_buf  0x10000100       0x80 ./src/pecan-lpc82x.o
 .bss.uartHandle
                0x10000180        0x4 ./src/pecan-lpc82x.o
 .bss.uartHandleMEM
                0x10000184      0x200 ./src/uart.o
 *(COMMON)
 COMMON         0x10000384        0x8 ./src/cr_startup_lpc82x.o
                0x10000384                pDivRom_uidiv
                0x10000388                pDivRom_idiv
 COMMON         0x1000038c        0x4 /home/sven/LPCXpresso/workspace/lpc_chip_82x/Debug/liblpc_chip_82x.a(chip_8xx.o)
                0x1000038c                SystemCoreClock
                0x10000390                . = ALIGN (0x4)
                0x10000390                _ebss = .
                0x10000390                PROVIDE (end, .)

.noinit         0x10000390        0x0 load address 0x00000d44
                0x10000390                _noinit = .
 *(.noinit*)
                0x10000390                . = ALIGN (0x4)
                0x10000390                _end_noinit = .
                0x10000390                PROVIDE (_pvHeapStart, DEFINED (__user_heap_base)?__user_heap_base:.)
                0x10002000                PROVIDE (_vStackTop, DEFINED (__user_stack_top)?__user_stack_top:(__top_RamLoc8 - 0x0))
                0xefffdabd                PROVIDE (__valid_user_code_checksum, (0x0 - (((_vStackTop + (ResetISR + 0x1)) + (DEFINED (NMI_Handler)?NMI_Handler:M0_NMI_Handler + 0x1)) + (DEFINED (HardFault_Handler)?HardFault_Handler:M0_HardFault_Handler + 0x1))))
OUTPUT(pecan-lpc82x.axf elf32-littlearm)

.ARM.attributes
                0x00000000       0x2d
 .ARM.attributes
                0x00000000       0x21 ./src/aeabi_romdiv_patch.o
 .ARM.attributes
                0x00000021       0x31 ./src/cr_startup_lpc82x.o
 .ARM.attributes
                0x00000052       0x31 ./src/mtb.o
 .ARM.attributes
                0x00000083       0x31 ./src/pecan-lpc82x.o
 .ARM.attributes
                0x000000b4       0x31 ./src/sysinit.o
 .ARM.attributes
                0x000000e5       0x31 ./src/uart.o
 .ARM.attributes
                0x00000116       0x31 /home/sven/LPCXpresso/workspace/lpc_chip_82x/Debug/liblpc_chip_82x.a(chip_8xx.o)
 .ARM.attributes
                0x00000147       0x31 /home/sven/LPCXpresso/workspace/lpc_chip_82x/Debug/liblpc_chip_82x.a(clock_8xx.o)
 .ARM.attributes
                0x00000178       0x31 /home/sven/LPCXpresso/workspace/lpc_chip_82x/Debug/liblpc_chip_82x.a(gpio_8xx.o)
 .ARM.attributes
                0x000001a9       0x31 /home/sven/LPCXpresso/workspace/lpc_chip_82x/Debug/liblpc_chip_82x.a(swm_8xx.o)
 .ARM.attributes
                0x000001da       0x31 /home/sven/LPCXpresso/workspace/lpc_chip_82x/Debug/liblpc_chip_82x.a(sysinit_8xx.o)
 .ARM.attributes
                0x0000020b       0x31 /home/sven/LPCXpresso/workspace/lpc_chip_82x/Debug/liblpc_chip_82x.a(uart_8xx.o)
 .ARM.attributes
                0x0000023c       0x31 /home/sven/LPCXpresso/workspace/lpc_chip_82x/Debug/liblpc_chip_82x.a(syscon_8xx.o)
 .ARM.attributes
                0x0000026d       0x31 /usr/local/lpcxpresso_7.9.0_455/lpcxpresso/tools/bin/../lib/gcc/arm-none-eabi/4.9.3/../../../../arm-none-eabi/lib/armv6-m/libcr_c.a(__weak__main.o)
 .ARM.attributes
                0x0000029e       0x31 /usr/local/lpcxpresso_7.9.0_455/lpcxpresso/tools/bin/../lib/gcc/arm-none-eabi/4.9.3/../../../../arm-none-eabi/lib/armv6-m/libcr_c.a(strlen.o)

.comment        0x00000000       0xe0
 .comment       0x00000000       0x70 ./src/cr_startup_lpc82x.o
                                 0x71 (size before relaxing)
 .comment       0x00000000       0x71 ./src/mtb.o
 .comment       0x00000000       0x71 ./src/pecan-lpc82x.o
 .comment       0x00000000       0x71 ./src/sysinit.o
 .comment       0x00000000       0x71 ./src/uart.o
 .comment       0x00000000       0x71 /home/sven/LPCXpresso/workspace/lpc_chip_82x/Debug/liblpc_chip_82x.a(chip_8xx.o)
 .comment       0x00000000       0x71 /home/sven/LPCXpresso/workspace/lpc_chip_82x/Debug/liblpc_chip_82x.a(clock_8xx.o)
 .comment       0x00000000       0x71 /home/sven/LPCXpresso/workspace/lpc_chip_82x/Debug/liblpc_chip_82x.a(gpio_8xx.o)
 .comment       0x00000000       0x71 /home/sven/LPCXpresso/workspace/lpc_chip_82x/Debug/liblpc_chip_82x.a(swm_8xx.o)
 .comment       0x00000000       0x71 /home/sven/LPCXpresso/workspace/lpc_chip_82x/Debug/liblpc_chip_82x.a(sysinit_8xx.o)
 .comment       0x00000000       0x71 /home/sven/LPCXpresso/workspace/lpc_chip_82x/Debug/liblpc_chip_82x.a(uart_8xx.o)
 .comment       0x00000000       0x71 /home/sven/LPCXpresso/workspace/lpc_chip_82x/Debug/liblpc_chip_82x.a(syscon_8xx.o)
 .comment       0x00000070       0x70 /usr/local/lpcxpresso_7.9.0_455/lpcxpresso/tools/bin/../lib/gcc/arm-none-eabi/4.9.3/../../../../arm-none-eabi/lib/armv6-m/libcr_c.a(__weak__main.o)
                                 0x71 (size before relaxing)
 .comment       0x00000000       0x71 /usr/local/lpcxpresso_7.9.0_455/lpcxpresso/tools/bin/../lib/gcc/arm-none-eabi/4.9.3/../../../../arm-none-eabi/lib/armv6-m/libcr_c.a(strlen.o)

.debug_line     0x00000000     0x2cb7
 .debug_line    0x00000000       0x65 ./src/aeabi_romdiv_patch.o
 .debug_line    0x00000065       0xbe ./src/cr_startup_lpc82x.o
 .debug_line    0x00000123       0x99 ./src/mtb.o
 .debug_line    0x000001bc      0x443 ./src/pecan-lpc82x.o
 .debug_line    0x000005ff      0x394 ./src/sysinit.o
 .debug_line    0x00000993      0x453 ./src/uart.o
 .debug_line    0x00000de6      0x395 /home/sven/LPCXpresso/workspace/lpc_chip_82x/Debug/liblpc_chip_82x.a(chip_8xx.o)
 .debug_line    0x0000117b      0x5e5 /home/sven/LPCXpresso/workspace/lpc_chip_82x/Debug/liblpc_chip_82x.a(clock_8xx.o)
 .debug_line    0x00001760      0x3ce /home/sven/LPCXpresso/workspace/lpc_chip_82x/Debug/liblpc_chip_82x.a(gpio_8xx.o)
 .debug_line    0x00001b2e      0x3d4 /home/sven/LPCXpresso/workspace/lpc_chip_82x/Debug/liblpc_chip_82x.a(swm_8xx.o)
 .debug_line    0x00001f02      0x430 /home/sven/LPCXpresso/workspace/lpc_chip_82x/Debug/liblpc_chip_82x.a(sysinit_8xx.o)
 .debug_line    0x00002332      0x5b3 /home/sven/LPCXpresso/workspace/lpc_chip_82x/Debug/liblpc_chip_82x.a(uart_8xx.o)
 .debug_line    0x000028e5      0x3d2 /home/sven/LPCXpresso/workspace/lpc_chip_82x/Debug/liblpc_chip_82x.a(syscon_8xx.o)

.debug_info     0x00000000     0x4a8a
 .debug_info    0x00000000       0x73 ./src/aeabi_romdiv_patch.o
 .debug_info    0x00000073      0x234 ./src/cr_startup_lpc82x.o
 .debug_info    0x000002a7       0x51 ./src/mtb.o
 .debug_info    0x000002f8      0x734 ./src/pecan-lpc82x.o
 .debug_info    0x00000a2c      0x1be ./src/sysinit.o
 .debug_info    0x00000bea     0x1123 ./src/uart.o
 .debug_info    0x00001d0d      0x1c3 /home/sven/LPCXpresso/workspace/lpc_chip_82x/Debug/liblpc_chip_82x.a(chip_8xx.o)
 .debug_info    0x00001ed0      0xb5f /home/sven/LPCXpresso/workspace/lpc_chip_82x/Debug/liblpc_chip_82x.a(clock_8xx.o)
 .debug_info    0x00002a2f      0x65c /home/sven/LPCXpresso/workspace/lpc_chip_82x/Debug/liblpc_chip_82x.a(gpio_8xx.o)
 .debug_info    0x0000308b      0x404 /home/sven/LPCXpresso/workspace/lpc_chip_82x/Debug/liblpc_chip_82x.a(swm_8xx.o)
 .debug_info    0x0000348f      0x5ae /home/sven/LPCXpresso/workspace/lpc_chip_82x/Debug/liblpc_chip_82x.a(sysinit_8xx.o)
 .debug_info    0x00003a3d      0xbbe /home/sven/LPCXpresso/workspace/lpc_chip_82x/Debug/liblpc_chip_82x.a(uart_8xx.o)
 .debug_info    0x000045fb      0x48f /home/sven/LPCXpresso/workspace/lpc_chip_82x/Debug/liblpc_chip_82x.a(syscon_8xx.o)

.debug_abbrev   0x00000000      0xe57
 .debug_abbrev  0x00000000       0x12 ./src/aeabi_romdiv_patch.o
 .debug_abbrev  0x00000012       0xf5 ./src/cr_startup_lpc82x.o
 .debug_abbrev  0x00000107       0x41 ./src/mtb.o
 .debug_abbrev  0x00000148      0x13d ./src/pecan-lpc82x.o
 .debug_abbrev  0x00000285       0x80 ./src/sysinit.o
 .debug_abbrev  0x00000305      0x1fb ./src/uart.o
 .debug_abbrev  0x00000500       0x91 /home/sven/LPCXpresso/workspace/lpc_chip_82x/Debug/liblpc_chip_82x.a(chip_8xx.o)
 .debug_abbrev  0x00000591      0x26e /home/sven/LPCXpresso/workspace/lpc_chip_82x/Debug/liblpc_chip_82x.a(clock_8xx.o)
 .debug_abbrev  0x000007ff      0x125 /home/sven/LPCXpresso/workspace/lpc_chip_82x/Debug/liblpc_chip_82x.a(gpio_8xx.o)
 .debug_abbrev  0x00000924      0x136 /home/sven/LPCXpresso/workspace/lpc_chip_82x/Debug/liblpc_chip_82x.a(swm_8xx.o)
 .debug_abbrev  0x00000a5a      0x13d /home/sven/LPCXpresso/workspace/lpc_chip_82x/Debug/liblpc_chip_82x.a(sysinit_8xx.o)
 .debug_abbrev  0x00000b97      0x1f2 /home/sven/LPCXpresso/workspace/lpc_chip_82x/Debug/liblpc_chip_82x.a(uart_8xx.o)
 .debug_abbrev  0x00000d89       0xce /home/sven/LPCXpresso/workspace/lpc_chip_82x/Debug/liblpc_chip_82x.a(syscon_8xx.o)

.debug_aranges  0x00000000      0x428
 .debug_aranges
                0x00000000       0x28 ./src/aeabi_romdiv_patch.o
 .debug_aranges
                0x00000028       0x60 ./src/cr_startup_lpc82x.o
 .debug_aranges
                0x00000088       0x18 ./src/mtb.o
 .debug_aranges
                0x000000a0       0x28 ./src/pecan-lpc82x.o
 .debug_aranges
                0x000000c8       0x20 ./src/sysinit.o
 .debug_aranges
                0x000000e8       0x60 ./src/uart.o
 .debug_aranges
                0x00000148       0x20 /home/sven/LPCXpresso/workspace/lpc_chip_82x/Debug/liblpc_chip_82x.a(chip_8xx.o)
 .debug_aranges
                0x00000168       0xf0 /home/sven/LPCXpresso/workspace/lpc_chip_82x/Debug/liblpc_chip_82x.a(clock_8xx.o)
 .debug_aranges
                0x00000258       0x38 /home/sven/LPCXpresso/workspace/lpc_chip_82x/Debug/liblpc_chip_82x.a(gpio_8xx.o)
 .debug_aranges
                0x00000290       0x38 /home/sven/LPCXpresso/workspace/lpc_chip_82x/Debug/liblpc_chip_82x.a(swm_8xx.o)
 .debug_aranges
                0x000002c8       0x50 /home/sven/LPCXpresso/workspace/lpc_chip_82x/Debug/liblpc_chip_82x.a(sysinit_8xx.o)
 .debug_aranges
                0x00000318       0xd8 /home/sven/LPCXpresso/workspace/lpc_chip_82x/Debug/liblpc_chip_82x.a(uart_8xx.o)
 .debug_aranges
                0x000003f0       0x38 /home/sven/LPCXpresso/workspace/lpc_chip_82x/Debug/liblpc_chip_82x.a(syscon_8xx.o)

.debug_ranges   0x00000000      0x358
 .debug_ranges  0x00000000       0x20 ./src/aeabi_romdiv_patch.o
 .debug_ranges  0x00000020       0x50 ./src/cr_startup_lpc82x.o
 .debug_ranges  0x00000070       0x18 ./src/pecan-lpc82x.o
 .debug_ranges  0x00000088       0x10 ./src/sysinit.o
 .debug_ranges  0x00000098       0x50 ./src/uart.o
 .debug_ranges  0x000000e8       0x10 /home/sven/LPCXpresso/workspace/lpc_chip_82x/Debug/liblpc_chip_82x.a(chip_8xx.o)
 .debug_ranges  0x000000f8       0xe0 /home/sven/LPCXpresso/workspace/lpc_chip_82x/Debug/liblpc_chip_82x.a(clock_8xx.o)
 .debug_ranges  0x000001d8       0x28 /home/sven/LPCXpresso/workspace/lpc_chip_82x/Debug/liblpc_chip_82x.a(gpio_8xx.o)
 .debug_ranges  0x00000200       0x28 /home/sven/LPCXpresso/workspace/lpc_chip_82x/Debug/liblpc_chip_82x.a(swm_8xx.o)
 .debug_ranges  0x00000228       0x40 /home/sven/LPCXpresso/workspace/lpc_chip_82x/Debug/liblpc_chip_82x.a(sysinit_8xx.o)
 .debug_ranges  0x00000268       0xc8 /home/sven/LPCXpresso/workspace/lpc_chip_82x/Debug/liblpc_chip_82x.a(uart_8xx.o)
 .debug_ranges  0x00000330       0x28 /home/sven/LPCXpresso/workspace/lpc_chip_82x/Debug/liblpc_chip_82x.a(syscon_8xx.o)

.debug_macro    0x00000000     0x2565
 .debug_macro   0x00000000       0x23 ./src/cr_startup_lpc82x.o
 .debug_macro   0x00000023      0x86e ./src/cr_startup_lpc82x.o
 .debug_macro   0x00000891       0x29 ./src/mtb.o
 .debug_macro   0x000008ba       0x82 ./src/mtb.o
 .debug_macro   0x0000093c       0x10 ./src/mtb.o
 .debug_macro   0x0000094c      0x221 ./src/pecan-lpc82x.o
 .debug_macro   0x00000b6d      0x1f4 ./src/sysinit.o
 .debug_macro   0x00000d61      0x202 ./src/uart.o
 .debug_macro   0x00000f63      0x1f4 /home/sven/LPCXpresso/workspace/lpc_chip_82x/Debug/liblpc_chip_82x.a(chip_8xx.o)
 .debug_macro   0x00001157      0x832 /home/sven/LPCXpresso/workspace/lpc_chip_82x/Debug/liblpc_chip_82x.a(chip_8xx.o)
 .debug_macro   0x00001989      0x1f4 /home/sven/LPCXpresso/workspace/lpc_chip_82x/Debug/liblpc_chip_82x.a(clock_8xx.o)
 .debug_macro   0x00001b7d      0x1f4 /home/sven/LPCXpresso/workspace/lpc_chip_82x/Debug/liblpc_chip_82x.a(gpio_8xx.o)
 .debug_macro   0x00001d71      0x200 /home/sven/LPCXpresso/workspace/lpc_chip_82x/Debug/liblpc_chip_82x.a(swm_8xx.o)
 .debug_macro   0x00001f71      0x1f4 /home/sven/LPCXpresso/workspace/lpc_chip_82x/Debug/liblpc_chip_82x.a(sysinit_8xx.o)
 .debug_macro   0x00002165      0x1f4 /home/sven/LPCXpresso/workspace/lpc_chip_82x/Debug/liblpc_chip_82x.a(uart_8xx.o)
 .debug_macro   0x00002359      0x20c /home/sven/LPCXpresso/workspace/lpc_chip_82x/Debug/liblpc_chip_82x.a(syscon_8xx.o)

.debug_str      0x00000000     0xdae6
 .debug_str     0x00000000     0x25ee ./src/cr_startup_lpc82x.o
                               0x2601 (size before relaxing)
 .debug_str     0x000025ee      0x519 ./src/mtb.o
                               0x293e (size before relaxing)
 .debug_str     0x00002b07     0x941c ./src/pecan-lpc82x.o
                               0xbd52 (size before relaxing)
 .debug_str     0x0000bf23       0x11 ./src/sysinit.o
                               0xb44e (size before relaxing)
 .debug_str     0x0000bf34      0xdb9 ./src/uart.o
                               0xc651 (size before relaxing)
 .debug_str     0x0000cced      0x12e /home/sven/LPCXpresso/workspace/lpc_chip_82x/Debug/liblpc_chip_82x.a(chip_8xx.o)
                               0xb394 (size before relaxing)
 .debug_str     0x0000ce1b      0x777 /home/sven/LPCXpresso/workspace/lpc_chip_82x/Debug/liblpc_chip_82x.a(clock_8xx.o)
                               0xbd60 (size before relaxing)
 .debug_str     0x0000d592       0x38 /home/sven/LPCXpresso/workspace/lpc_chip_82x/Debug/liblpc_chip_82x.a(gpio_8xx.o)
                               0xb63a (size before relaxing)
 .debug_str     0x0000d5ca       0xed /home/sven/LPCXpresso/workspace/lpc_chip_82x/Debug/liblpc_chip_82x.a(swm_8xx.o)
                               0xb771 (size before relaxing)
 .debug_str     0x0000d6b7      0x128 /home/sven/LPCXpresso/workspace/lpc_chip_82x/Debug/liblpc_chip_82x.a(sysinit_8xx.o)
                               0xb5bb (size before relaxing)
 .debug_str     0x0000d7df      0x1f3 /home/sven/LPCXpresso/workspace/lpc_chip_82x/Debug/liblpc_chip_82x.a(uart_8xx.o)
                               0xb95f (size before relaxing)
 .debug_str     0x0000d9d2      0x114 /home/sven/LPCXpresso/workspace/lpc_chip_82x/Debug/liblpc_chip_82x.a(syscon_8xx.o)
                               0xb4b0 (size before relaxing)

.debug_frame    0x00000000      0xbdc
 .debug_frame   0x00000000      0x118 ./src/cr_startup_lpc82x.o
 .debug_frame   0x00000118       0x4c ./src/pecan-lpc82x.o
 .debug_frame   0x00000164       0x2c ./src/sysinit.o
 .debug_frame   0x00000190      0x12c ./src/uart.o
 .debug_frame   0x000002bc       0x2c /home/sven/LPCXpresso/workspace/lpc_chip_82x/Debug/liblpc_chip_82x.a(chip_8xx.o)
 .debug_frame   0x000002e8      0x354 /home/sven/LPCXpresso/workspace/lpc_chip_82x/Debug/liblpc_chip_82x.a(clock_8xx.o)
 .debug_frame   0x0000063c       0x90 /home/sven/LPCXpresso/workspace/lpc_chip_82x/Debug/liblpc_chip_82x.a(gpio_8xx.o)
 .debug_frame   0x000006cc       0x90 /home/sven/LPCXpresso/workspace/lpc_chip_82x/Debug/liblpc_chip_82x.a(swm_8xx.o)
 .debug_frame   0x0000075c       0xe0 /home/sven/LPCXpresso/workspace/lpc_chip_82x/Debug/liblpc_chip_82x.a(sysinit_8xx.o)
 .debug_frame   0x0000083c      0x310 /home/sven/LPCXpresso/workspace/lpc_chip_82x/Debug/liblpc_chip_82x.a(uart_8xx.o)
 .debug_frame   0x00000b4c       0x90 /home/sven/LPCXpresso/workspace/lpc_chip_82x/Debug/liblpc_chip_82x.a(syscon_8xx.o)
